// Jest Snapshot v1, https://goo.gl/fbAQLP

exports[`App test renders correctly 1`] = `
<div
  className="App"
>
  <section
    className="list"
  >
    <h2>
      Countries List
    </h2>
    <div
      className="shimmer"
    >
      <div
        className="lines shine"
      />
      <div
        className="lines shine"
      />
      <div
        className="lines shine"
      />
      <div
        className="lines shine"
      />
      <div
        className="lines shine"
      />
      <div
        className="lines shine"
      />
      <div
        className="lines shine"
      />
      <div
        className="lines shine"
      />
      <div
        className="lines shine"
      />
      <div
        className="lines shine"
      />
      <div
        className="lines shine"
      />
      <div
        className="lines shine"
      />
      <div
        className="lines shine"
      />
      <div
        className="lines shine"
      />
      <div
        className="lines shine"
      />
      <div
        className="lines shine"
      />
      <div
        className="lines shine"
      />
      <div
        className="lines shine"
      />
      <div
        className="lines shine"
      />
      <div
        className="lines shine"
      />
      <div
        className="lines shine"
      />
      <div
        className="lines shine"
      />
      <div
        className="lines shine"
      />
      <div
        className="lines shine"
      />
      <div
        className="lines shine"
      />
    </div>
  </section>
</div>
`;
