// Jest Snapshot v1, https://goo.gl/fbAQLP

exports[`<ErrorBoundary> window displays error message on error generated by child 1`] = `
<div>
  <input
    type={null}
    value={null}
  />
</div>
`;

exports[`<ErrorBoundary> window should match the snapshot 1`] = `"Test"`;
